Timeout (0:01:00)!
Thread 0x00007f8b6f383b80 (most recent call first):
  File "/opt/hostedtoolcache/Python/3.12.14/x64/lib/python3.12/site-packages/pybamm/solvers/idaklu_solver.py", line 735 in _integrate
  File "/opt/hostedtoolcache/Python/3.12.14/x64/lib/python3.12/site-packages/pybamm/solvers/base_solver.py", line 1045 in solve
  File "/opt/hostedtoolcache/Python/3.12.14/x64/lib/python3.12/site-packages/pybamm/simulation/base_simulation.py", line 527 in solve
  File "/opt/hostedtoolcache/Python/3.12.14/x64/lib/python3.12/site-packages/pybamm/simulation/simulation.py", line 812 in solve
  File "/home/runner/work/Physical-Fpv-Simulator/Physical-Fpv-Simulator/src/physical_fpv/core.py", line 289 in simulate
  File "/home/runner/work/Physical-Fpv-Simulator/Physical-Fpv-Simulator/scripts/run_stanford_pilot.py", line 190 in run_worker
  File "/home/runner/work/Physical-Fpv-Simulator/Physical-Fpv-Simulator/scripts/run_stanford_pilot.py", line 257 in main
  File "/home/runner/work/Physical-Fpv-Simulator/Physical-Fpv-Simulator/scripts/run_stanford_pilot.py", line 316 in <module>
Timeout (0:01:00)!
Thread 0x00007f8b6f383b80 (most recent call first):
  File "/opt/hostedtoolcache/Python/3.12.14/x64/lib/python3.12/site-packages/pybamm/solvers/idaklu_solver.py", line 735 in _integrate
  File "/opt/hostedtoolcache/Python/3.12.14/x64/lib/python3.12/site-packages/pybamm/solvers/base_solver.py", line 1045 in solve
  File "/opt/hostedtoolcache/Python/3.12.14/x64/lib/python3.12/site-packages/pybamm/simulation/base_simulation.py", line 527 in solve
  File "/opt/hostedtoolcache/Python/3.12.14/x64/lib/python3.12/site-packages/pybamm/simulation/simulation.py", line 812 in solve
  File "/home/runner/work/Physical-Fpv-Simulator/Physical-Fpv-Simulator/src/physical_fpv/core.py", line 289 in simulate
  File "/home/runner/work/Physical-Fpv-Simulator/Physical-Fpv-Simulator/scripts/run_stanford_pilot.py", line 190 in run_worker
  File "/home/runner/work/Physical-Fpv-Simulator/Physical-Fpv-Simulator/scripts/run_stanford_pilot.py", line 257 in main
  File "/home/runner/work/Physical-Fpv-Simulator/Physical-Fpv-Simulator/scripts/run_stanford_pilot.py", line 316 in <module>
Timeout (0:01:00)!
Thread 0x00007f8b6f383b80 (most recent call first):
  File "/opt/hostedtoolcache/Python/3.12.14/x64/lib/python3.12/site-packages/pybamm/solvers/idaklu_solver.py", line 735 in _integrate
  File "/opt/hostedtoolcache/Python/3.12.14/x64/lib/python3.12/site-packages/pybamm/solvers/base_solver.py", line 1045 in solve
  File "/opt/hostedtoolcache/Python/3.12.14/x64/lib/python3.12/site-packages/pybamm/simulation/base_simulation.py", line 527 in solve
  File "/opt/hostedtoolcache/Python/3.12.14/x64/lib/python3.12/site-packages/pybamm/simulation/simulation.py", line 812 in solve
  File "/home/runner/work/Physical-Fpv-Simulator/Physical-Fpv-Simulator/src/physical_fpv/core.py", line 289 in simulate
  File "/home/runner/work/Physical-Fpv-Simulator/Physical-Fpv-Simulator/scripts/run_stanford_pilot.py", line 190 in run_worker
  File "/home/runner/work/Physical-Fpv-Simulator/Physical-Fpv-Simulator/scripts/run_stanford_pilot.py", line 257 in main
  File "/home/runner/work/Physical-Fpv-Simulator/Physical-Fpv-Simulator/scripts/run_stanford_pilot.py", line 316 in <module>
Timeout (0:01:00)!
Thread 0x00007f8b6f383b80 (most recent call first):
  File "/opt/hostedtoolcache/Python/3.12.14/x64/lib/python3.12/site-packages/pybamm/solvers/idaklu_solver.py", line 735 in _integrate
  File "/opt/hostedtoolcache/Python/3.12.14/x64/lib/python3.12/site-packages/pybamm/solvers/base_solver.py", line 1045 in solve
  File "/opt/hostedtoolcache/Python/3.12.14/x64/lib/python3.12/site-packages/pybamm/simulation/base_simulation.py", line 527 in solve
  File "/opt/hostedtoolcache/Python/3.12.14/x64/lib/python3.12/site-packages/pybamm/simulation/simulation.py", line 812 in solve
  File "/home/runner/work/Physical-Fpv-Simulator/Physical-Fpv-Simulator/src/physical_fpv/core.py", line 289 in simulate
  File "/home/runner/work/Physical-Fpv-Simulator/Physical-Fpv-Simulator/scripts/run_stanford_pilot.py", line 190 in run_worker
  File "/home/runner/work/Physical-Fpv-Simulator/Physical-Fpv-Simulator/scripts/run_stanford_pilot.py", line 257 in main
  File "/home/runner/work/Physical-Fpv-Simulator/Physical-Fpv-Simulator/scripts/run_stanford_pilot.py", line 316 in <module>
Timeout (0:01:00)!
Thread 0x00007f8b6f383b80 (most recent call first):
  File "/opt/hostedtoolcache/Python/3.12.14/x64/lib/python3.12/site-packages/pybamm/solvers/idaklu_solver.py", line 735 in _integrate
  File "/opt/hostedtoolcache/Python/3.12.14/x64/lib/python3.12/site-packages/pybamm/solvers/base_solver.py", line 1045 in solve
  File "/opt/hostedtoolcache/Python/3.12.14/x64/lib/python3.12/site-packages/pybamm/simulation/base_simulation.py", line 527 in solve
  File "/opt/hostedtoolcache/Python/3.12.14/x64/lib/python3.12/site-packages/pybamm/simulation/simulation.py", line 812 in solve
  File "/home/runner/work/Physical-Fpv-Simulator/Physical-Fpv-Simulator/src/physical_fpv/core.py", line 289 in simulate
  File "/home/runner/work/Physical-Fpv-Simulator/Physical-Fpv-Simulator/scripts/run_stanford_pilot.py", line 190 in run_worker
  File "/home/runner/work/Physical-Fpv-Simulator/Physical-Fpv-Simulator/scripts/run_stanford_pilot.py", line 257 in main
  File "/home/runner/work/Physical-Fpv-Simulator/Physical-Fpv-Simulator/scripts/run_stanford_pilot.py", line 316 in <module>
Timeout (0:01:00)!
Thread 0x00007f8b6f383b80 (most recent call first):
  File "/opt/hostedtoolcache/Python/3.12.14/x64/lib/python3.12/site-packages/pybamm/solvers/idaklu_solver.py", line 735 in _integrate
  File "/opt/hostedtoolcache/Python/3.12.14/x64/lib/python3.12/site-packages/pybamm/solvers/base_solver.py", line 1045 in solve
  File "/opt/hostedtoolcache/Python/3.12.14/x64/lib/python3.12/site-packages/pybamm/simulation/base_simulation.py", line 527 in solve
  File "/opt/hostedtoolcache/Python/3.12.14/x64/lib/python3.12/site-packages/pybamm/simulation/simulation.py", line 812 in solve
  File "/home/runner/work/Physical-Fpv-Simulator/Physical-Fpv-Simulator/src/physical_fpv/core.py", line 289 in simulate
  File "/home/runner/work/Physical-Fpv-Simulator/Physical-Fpv-Simulator/scripts/run_stanford_pilot.py", line 190 in run_worker
  File "/home/runner/work/Physical-Fpv-Simulator/Physical-Fpv-Simulator/scripts/run_stanford_pilot.py", line 257 in main
  File "/home/runner/work/Physical-Fpv-Simulator/Physical-Fpv-Simulator/scripts/run_stanford_pilot.py", line 316 in <module>
Timeout (0:01:00)!
Thread 0x00007f8b6f383b80 (most recent call first):
  File "/opt/hostedtoolcache/Python/3.12.14/x64/lib/python3.12/site-packages/pybamm/solvers/idaklu_solver.py", line 735 in _integrate
  File "/opt/hostedtoolcache/Python/3.12.14/x64/lib/python3.12/site-packages/pybamm/solvers/base_solver.py", line 1045 in solve
  File "/opt/hostedtoolcache/Python/3.12.14/x64/lib/python3.12/site-packages/pybamm/simulation/base_simulation.py", line 527 in solve
  File "/opt/hostedtoolcache/Python/3.12.14/x64/lib/python3.12/site-packages/pybamm/simulation/simulation.py", line 812 in solve
  File "/home/runner/work/Physical-Fpv-Simulator/Physical-Fpv-Simulator/src/physical_fpv/core.py", line 289 in simulate
  File "/home/runner/work/Physical-Fpv-Simulator/Physical-Fpv-Simulator/scripts/run_stanford_pilot.py", line 190 in run_worker
  File "/home/runner/work/Physical-Fpv-Simulator/Physical-Fpv-Simulator/scripts/run_stanford_pilot.py", line 257 in main
  File "/home/runner/work/Physical-Fpv-Simulator/Physical-Fpv-Simulator/scripts/run_stanford_pilot.py", line 316 in <module>
Timeout (0:01:00)!
Thread 0x00007f8b6f383b80 (most recent call first):
  File "/opt/hostedtoolcache/Python/3.12.14/x64/lib/python3.12/site-packages/pybamm/solvers/idaklu_solver.py", line 735 in _integrate
  File "/opt/hostedtoolcache/Python/3.12.14/x64/lib/python3.12/site-packages/pybamm/solvers/base_solver.py", line 1045 in solve
  File "/opt/hostedtoolcache/Python/3.12.14/x64/lib/python3.12/site-packages/pybamm/simulation/base_simulation.py", line 527 in solve
  File "/opt/hostedtoolcache/Python/3.12.14/x64/lib/python3.12/site-packages/pybamm/simulation/simulation.py", line 812 in solve
  File "/home/runner/work/Physical-Fpv-Simulator/Physical-Fpv-Simulator/src/physical_fpv/core.py", line 289 in simulate
  File "/home/runner/work/Physical-Fpv-Simulator/Physical-Fpv-Simulator/scripts/run_stanford_pilot.py", line 190 in run_worker
  File "/home/runner/work/Physical-Fpv-Simulator/Physical-Fpv-Simulator/scripts/run_stanford_pilot.py", line 257 in main
  File "/home/runner/work/Physical-Fpv-Simulator/Physical-Fpv-Simulator/scripts/run_stanford_pilot.py", line 316 in <module>
Timeout (0:01:00)!
Thread 0x00007f8b6f383b80 (most recent call first):
  File "/opt/hostedtoolcache/Python/3.12.14/x64/lib/python3.12/site-packages/pybamm/solvers/idaklu_solver.py", line 735 in _integrate
  File "/opt/hostedtoolcache/Python/3.12.14/x64/lib/python3.12/site-packages/pybamm/solvers/base_solver.py", line 1045 in solve
  File "/opt/hostedtoolcache/Python/3.12.14/x64/lib/python3.12/site-packages/pybamm/simulation/base_simulation.py", line 527 in solve
  File "/opt/hostedtoolcache/Python/3.12.14/x64/lib/python3.12/site-packages/pybamm/simulation/simulation.py", line 812 in solve
  File "/home/runner/work/Physical-Fpv-Simulator/Physical-Fpv-Simulator/src/physical_fpv/core.py", line 289 in simulate
  File "/home/runner/work/Physical-Fpv-Simulator/Physical-Fpv-Simulator/scripts/run_stanford_pilot.py", line 190 in run_worker
  File "/home/runner/work/Physical-Fpv-Simulator/Physical-Fpv-Simulator/scripts/run_stanford_pilot.py", line 257 in main
  File "/home/runner/work/Physical-Fpv-Simulator/Physical-Fpv-Simulator/scripts/run_stanford_pilot.py", line 316 in <module>
Timeout (0:01:00)!
Thread 0x00007f8b6f383b80 (most recent call first):
  File "/opt/hostedtoolcache/Python/3.12.14/x64/lib/python3.12/site-packages/pybamm/solvers/idaklu_solver.py", line 735 in _integrate
  File "/opt/hostedtoolcache/Python/3.12.14/x64/lib/python3.12/site-packages/pybamm/solvers/base_solver.py", line 1045 in solve
  File "/opt/hostedtoolcache/Python/3.12.14/x64/lib/python3.12/site-packages/pybamm/simulation/base_simulation.py", line 527 in solve
  File "/opt/hostedtoolcache/Python/3.12.14/x64/lib/python3.12/site-packages/pybamm/simulation/simulation.py", line 812 in solve
  File "/home/runner/work/Physical-Fpv-Simulator/Physical-Fpv-Simulator/src/physical_fpv/core.py", line 289 in simulate
  File "/home/runner/work/Physical-Fpv-Simulator/Physical-Fpv-Simulator/scripts/run_stanford_pilot.py", line 190 in run_worker
  File "/home/runner/work/Physical-Fpv-Simulator/Physical-Fpv-Simulator/scripts/run_stanford_pilot.py", line 257 in main
  File "/home/runner/work/Physical-Fpv-Simulator/Physical-Fpv-Simulator/scripts/run_stanford_pilot.py", line 316 in <module>
Timeout (0:01:00)!
Thread 0x00007f8b6f383b80 (most recent call first):
  File "/opt/hostedtoolcache/Python/3.12.14/x64/lib/python3.12/site-packages/pybamm/solvers/idaklu_solver.py", line 735 in _integrate
  File "/opt/hostedtoolcache/Python/3.12.14/x64/lib/python3.12/site-packages/pybamm/solvers/base_solver.py", line 1045 in solve
  File "/opt/hostedtoolcache/Python/3.12.14/x64/lib/python3.12/site-packages/pybamm/simulation/base_simulation.py", line 527 in solve
  File "/opt/hostedtoolcache/Python/3.12.14/x64/lib/python3.12/site-packages/pybamm/simulation/simulation.py", line 812 in solve
  File "/home/runner/work/Physical-Fpv-Simulator/Physical-Fpv-Simulator/src/physical_fpv/core.py", line 289 in simulate
  File "/home/runner/work/Physical-Fpv-Simulator/Physical-Fpv-Simulator/scripts/run_stanford_pilot.py", line 190 in run_worker
  File "/home/runner/work/Physical-Fpv-Simulator/Physical-Fpv-Simulator/scripts/run_stanford_pilot.py", line 257 in main
  File "/home/runner/work/Physical-Fpv-Simulator/Physical-Fpv-Simulator/scripts/run_stanford_pilot.py", line 316 in <module>
Timeout (0:01:00)!
Thread 0x00007f8b6f383b80 (most recent call first):
  File "/opt/hostedtoolcache/Python/3.12.14/x64/lib/python3.12/site-packages/pybamm/solvers/idaklu_solver.py", line 735 in _integrate
  File "/opt/hostedtoolcache/Python/3.12.14/x64/lib/python3.12/site-packages/pybamm/solvers/base_solver.py", line 1045 in solve
  File "/opt/hostedtoolcache/Python/3.12.14/x64/lib/python3.12/site-packages/pybamm/simulation/base_simulation.py", line 527 in solve
  File "/opt/hostedtoolcache/Python/3.12.14/x64/lib/python3.12/site-packages/pybamm/simulation/simulation.py", line 812 in solve
  File "/home/runner/work/Physical-Fpv-Simulator/Physical-Fpv-Simulator/src/physical_fpv/core.py", line 289 in simulate
  File "/home/runner/work/Physical-Fpv-Simulator/Physical-Fpv-Simulator/scripts/run_stanford_pilot.py", line 190 in run_worker
  File "/home/runner/work/Physical-Fpv-Simulator/Physical-Fpv-Simulator/scripts/run_stanford_pilot.py", line 257 in main
  File "/home/runner/work/Physical-Fpv-Simulator/Physical-Fpv-Simulator/scripts/run_stanford_pilot.py", line 316 in <module>
Timeout (0:01:00)!
Thread 0x00007f8b6f383b80 (most recent call first):
  File "/opt/hostedtoolcache/Python/3.12.14/x64/lib/python3.12/site-packages/pybamm/solvers/idaklu_solver.py", line 735 in _integrate
  File "/opt/hostedtoolcache/Python/3.12.14/x64/lib/python3.12/site-packages/pybamm/solvers/base_solver.py", line 1045 in solve
  File "/opt/hostedtoolcache/Python/3.12.14/x64/lib/python3.12/site-packages/pybamm/simulation/base_simulation.py", line 527 in solve
  File "/opt/hostedtoolcache/Python/3.12.14/x64/lib/python3.12/site-packages/pybamm/simulation/simulation.py", line 812 in solve
  File "/home/runner/work/Physical-Fpv-Simulator/Physical-Fpv-Simulator/src/physical_fpv/core.py", line 289 in simulate
  File "/home/runner/work/Physical-Fpv-Simulator/Physical-Fpv-Simulator/scripts/run_stanford_pilot.py", line 190 in run_worker
  File "/home/runner/work/Physical-Fpv-Simulator/Physical-Fpv-Simulator/scripts/run_stanford_pilot.py", line 257 in main
  File "/home/runner/work/Physical-Fpv-Simulator/Physical-Fpv-Simulator/scripts/run_stanford_pilot.py", line 316 in <module>
Timeout (0:01:00)!
Thread 0x00007f8b6f383b80 (most recent call first):
  File "/opt/hostedtoolcache/Python/3.12.14/x64/lib/python3.12/site-packages/pybamm/solvers/idaklu_solver.py", line 735 in _integrate
  File "/opt/hostedtoolcache/Python/3.12.14/x64/lib/python3.12/site-packages/pybamm/solvers/base_solver.py", line 1045 in solve
  File "/opt/hostedtoolcache/Python/3.12.14/x64/lib/python3.12/site-packages/pybamm/simulation/base_simulation.py", line 527 in solve
  File "/opt/hostedtoolcache/Python/3.12.14/x64/lib/python3.12/site-packages/pybamm/simulation/simulation.py", line 812 in solve
  File "/home/runner/work/Physical-Fpv-Simulator/Physical-Fpv-Simulator/src/physical_fpv/core.py", line 289 in simulate
  File "/home/runner/work/Physical-Fpv-Simulator/Physical-Fpv-Simulator/scripts/run_stanford_pilot.py", line 190 in run_worker
  File "/home/runner/work/Physical-Fpv-Simulator/Physical-Fpv-Simulator/scripts/run_stanford_pilot.py", line 257 in main
  File "/home/runner/work/Physical-Fpv-Simulator/Physical-Fpv-Simulator/scripts/run_stanford_pilot.py", line 316 in <module>
{"mesh": 120, "elapsed_s": 896.212586544, "voltage_rmse_v": 0.1914735217065252, "electrical_gates_passed": false}
