Timeout (0:01:00)!
Thread 0x00007f9f13aa4b80 (most recent call first):
  File "/opt/hostedtoolcache/Python/3.12.14/x64/lib/python3.12/site-packages/pybamm/solvers/idaklu_solver.py", line 735 in _integrate
  File "/opt/hostedtoolcache/Python/3.12.14/x64/lib/python3.12/site-packages/pybamm/solvers/base_solver.py", line 1045 in solve
  File "/opt/hostedtoolcache/Python/3.12.14/x64/lib/python3.12/site-packages/pybamm/simulation/base_simulation.py", line 527 in solve
  File "/opt/hostedtoolcache/Python/3.12.14/x64/lib/python3.12/site-packages/pybamm/simulation/simulation.py", line 812 in solve
  File "/home/runner/work/Physical-Fpv-Simulator/Physical-Fpv-Simulator/src/physical_fpv/core.py", line 288 in simulate
  File "/home/runner/work/Physical-Fpv-Simulator/Physical-Fpv-Simulator/scripts/run_stanford_pilot.py", line 119 in run_worker
  File "/home/runner/work/Physical-Fpv-Simulator/Physical-Fpv-Simulator/scripts/run_stanford_pilot.py", line 185 in main
  File "/home/runner/work/Physical-Fpv-Simulator/Physical-Fpv-Simulator/scripts/run_stanford_pilot.py", line 244 in <module>
Timeout (0:01:00)!
Thread 0x00007f9f13aa4b80 (most recent call first):
  File "/opt/hostedtoolcache/Python/3.12.14/x64/lib/python3.12/site-packages/pybamm/solvers/idaklu_solver.py", line 735 in _integrate
  File "/opt/hostedtoolcache/Python/3.12.14/x64/lib/python3.12/site-packages/pybamm/solvers/base_solver.py", line 1045 in solve
  File "/opt/hostedtoolcache/Python/3.12.14/x64/lib/python3.12/site-packages/pybamm/simulation/base_simulation.py", line 527 in solve
  File "/opt/hostedtoolcache/Python/3.12.14/x64/lib/python3.12/site-packages/pybamm/simulation/simulation.py", line 812 in solve
  File "/home/runner/work/Physical-Fpv-Simulator/Physical-Fpv-Simulator/src/physical_fpv/core.py", line 288 in simulate
  File "/home/runner/work/Physical-Fpv-Simulator/Physical-Fpv-Simulator/scripts/run_stanford_pilot.py", line 119 in run_worker
  File "/home/runner/work/Physical-Fpv-Simulator/Physical-Fpv-Simulator/scripts/run_stanford_pilot.py", line 185 in main
  File "/home/runner/work/Physical-Fpv-Simulator/Physical-Fpv-Simulator/scripts/run_stanford_pilot.py", line 244 in <module>
{"mesh": 80, "elapsed_s": 162.374979504, "voltage_rmse_v": 0.19089933729045996, "electrical_gates_passed": false}
Timeout (0:01:00)!
Thread 0x00007f9f13aa4b80 (most recent call first):
  File "/opt/hostedtoolcache/Python/3.12.14/x64/lib/python3.12/site-packages/pybamm/solvers/idaklu_solver.py", line 735 in _integrate
  File "/opt/hostedtoolcache/Python/3.12.14/x64/lib/python3.12/site-packages/pybamm/solvers/base_solver.py", line 1045 in solve
  File "/opt/hostedtoolcache/Python/3.12.14/x64/lib/python3.12/site-packages/pybamm/simulation/base_simulation.py", line 527 in solve
  File "/opt/hostedtoolcache/Python/3.12.14/x64/lib/python3.12/site-packages/pybamm/simulation/simulation.py", line 812 in solve
  File "/home/runner/work/Physical-Fpv-Simulator/Physical-Fpv-Simulator/src/physical_fpv/core.py", line 288 in simulate
  File "/home/runner/work/Physical-Fpv-Simulator/Physical-Fpv-Simulator/scripts/run_stanford_pilot.py", line 119 in run_worker
  File "/home/runner/work/Physical-Fpv-Simulator/Physical-Fpv-Simulator/scripts/run_stanford_pilot.py", line 185 in main
  File "/home/runner/work/Physical-Fpv-Simulator/Physical-Fpv-Simulator/scripts/run_stanford_pilot.py", line 244 in <module>
Timeout (0:01:00)!
Thread 0x00007f9f13aa4b80 (most recent call first):
  File "/opt/hostedtoolcache/Python/3.12.14/x64/lib/python3.12/site-packages/pybamm/solvers/idaklu_solver.py", line 735 in _integrate
  File "/opt/hostedtoolcache/Python/3.12.14/x64/lib/python3.12/site-packages/pybamm/solvers/base_solver.py", line 1045 in solve
  File "/opt/hostedtoolcache/Python/3.12.14/x64/lib/python3.12/site-packages/pybamm/simulation/base_simulation.py", line 527 in solve
  File "/opt/hostedtoolcache/Python/3.12.14/x64/lib/python3.12/site-packages/pybamm/simulation/simulation.py", line 812 in solve
  File "/home/runner/work/Physical-Fpv-Simulator/Physical-Fpv-Simulator/src/physical_fpv/core.py", line 288 in simulate
  File "/home/runner/work/Physical-Fpv-Simulator/Physical-Fpv-Simulator/scripts/run_stanford_pilot.py", line 119 in run_worker
  File "/home/runner/work/Physical-Fpv-Simulator/Physical-Fpv-Simulator/scripts/run_stanford_pilot.py", line 185 in main
  File "/home/runner/work/Physical-Fpv-Simulator/Physical-Fpv-Simulator/scripts/run_stanford_pilot.py", line 244 in <module>
Timeout (0:01:00)!
Thread 0x00007f9f13aa4b80 (most recent call first):
  File "/opt/hostedtoolcache/Python/3.12.14/x64/lib/python3.12/site-packages/pybamm/solvers/idaklu_solver.py", line 735 in _integrate
  File "/opt/hostedtoolcache/Python/3.12.14/x64/lib/python3.12/site-packages/pybamm/solvers/base_solver.py", line 1045 in solve
  File "/opt/hostedtoolcache/Python/3.12.14/x64/lib/python3.12/site-packages/pybamm/simulation/base_simulation.py", line 527 in solve
  File "/opt/hostedtoolcache/Python/3.12.14/x64/lib/python3.12/site-packages/pybamm/simulation/simulation.py", line 812 in solve
  File "/home/runner/work/Physical-Fpv-Simulator/Physical-Fpv-Simulator/src/physical_fpv/core.py", line 288 in simulate
  File "/home/runner/work/Physical-Fpv-Simulator/Physical-Fpv-Simulator/scripts/run_stanford_pilot.py", line 119 in run_worker
  File "/home/runner/work/Physical-Fpv-Simulator/Physical-Fpv-Simulator/scripts/run_stanford_pilot.py", line 185 in main
  File "/home/runner/work/Physical-Fpv-Simulator/Physical-Fpv-Simulator/scripts/run_stanford_pilot.py", line 244 in <module>
Timeout (0:01:00)!
Thread 0x00007f9f13aa4b80 (most recent call first):
  File "/opt/hostedtoolcache/Python/3.12.14/x64/lib/python3.12/site-packages/pybamm/solvers/idaklu_solver.py", line 735 in _integrate
  File "/opt/hostedtoolcache/Python/3.12.14/x64/lib/python3.12/site-packages/pybamm/solvers/base_solver.py", line 1045 in solve
  File "/opt/hostedtoolcache/Python/3.12.14/x64/lib/python3.12/site-packages/pybamm/simulation/base_simulation.py", line 527 in solve
  File "/opt/hostedtoolcache/Python/3.12.14/x64/lib/python3.12/site-packages/pybamm/simulation/simulation.py", line 812 in solve
  File "/home/runner/work/Physical-Fpv-Simulator/Physical-Fpv-Simulator/src/physical_fpv/core.py", line 288 in simulate
  File "/home/runner/work/Physical-Fpv-Simulator/Physical-Fpv-Simulator/scripts/run_stanford_pilot.py", line 119 in run_worker
  File "/home/runner/work/Physical-Fpv-Simulator/Physical-Fpv-Simulator/scripts/run_stanford_pilot.py", line 185 in main
  File "/home/runner/work/Physical-Fpv-Simulator/Physical-Fpv-Simulator/scripts/run_stanford_pilot.py", line 244 in <module>
Timeout (0:01:00)!
Thread 0x00007f9f13aa4b80 (most recent call first):
  File "/opt/hostedtoolcache/Python/3.12.14/x64/lib/python3.12/site-packages/pybamm/solvers/idaklu_solver.py", line 735 in _integrate
  File "/opt/hostedtoolcache/Python/3.12.14/x64/lib/python3.12/site-packages/pybamm/solvers/base_solver.py", line 1045 in solve
  File "/opt/hostedtoolcache/Python/3.12.14/x64/lib/python3.12/site-packages/pybamm/simulation/base_simulation.py", line 527 in solve
  File "/opt/hostedtoolcache/Python/3.12.14/x64/lib/python3.12/site-packages/pybamm/simulation/simulation.py", line 812 in solve
  File "/home/runner/work/Physical-Fpv-Simulator/Physical-Fpv-Simulator/src/physical_fpv/core.py", line 288 in simulate
  File "/home/runner/work/Physical-Fpv-Simulator/Physical-Fpv-Simulator/scripts/run_stanford_pilot.py", line 119 in run_worker
  File "/home/runner/work/Physical-Fpv-Simulator/Physical-Fpv-Simulator/scripts/run_stanford_pilot.py", line 185 in main
  File "/home/runner/work/Physical-Fpv-Simulator/Physical-Fpv-Simulator/scripts/run_stanford_pilot.py", line 244 in <module>
Timeout (0:01:00)!
Thread 0x00007f9f13aa4b80 (most recent call first):
  File "/opt/hostedtoolcache/Python/3.12.14/x64/lib/python3.12/site-packages/pybamm/solvers/idaklu_solver.py", line 735 in _integrate
  File "/opt/hostedtoolcache/Python/3.12.14/x64/lib/python3.12/site-packages/pybamm/solvers/base_solver.py", line 1045 in solve
  File "/opt/hostedtoolcache/Python/3.12.14/x64/lib/python3.12/site-packages/pybamm/simulation/base_simulation.py", line 527 in solve
  File "/opt/hostedtoolcache/Python/3.12.14/x64/lib/python3.12/site-packages/pybamm/simulation/simulation.py", line 812 in solve
  File "/home/runner/work/Physical-Fpv-Simulator/Physical-Fpv-Simulator/src/physical_fpv/core.py", line 288 in simulate
  File "/home/runner/work/Physical-Fpv-Simulator/Physical-Fpv-Simulator/scripts/run_stanford_pilot.py", line 119 in run_worker
  File "/home/runner/work/Physical-Fpv-Simulator/Physical-Fpv-Simulator/scripts/run_stanford_pilot.py", line 185 in main
  File "/home/runner/work/Physical-Fpv-Simulator/Physical-Fpv-Simulator/scripts/run_stanford_pilot.py", line 244 in <module>
Timeout (0:01:00)!
Thread 0x00007f9f13aa4b80 (most recent call first):
  File "/opt/hostedtoolcache/Python/3.12.14/x64/lib/python3.12/site-packages/pybamm/solvers/idaklu_solver.py", line 735 in _integrate
  File "/opt/hostedtoolcache/Python/3.12.14/x64/lib/python3.12/site-packages/pybamm/solvers/base_solver.py", line 1045 in solve
  File "/opt/hostedtoolcache/Python/3.12.14/x64/lib/python3.12/site-packages/pybamm/simulation/base_simulation.py", line 527 in solve
  File "/opt/hostedtoolcache/Python/3.12.14/x64/lib/python3.12/site-packages/pybamm/simulation/simulation.py", line 812 in solve
  File "/home/runner/work/Physical-Fpv-Simulator/Physical-Fpv-Simulator/src/physical_fpv/core.py", line 288 in simulate
  File "/home/runner/work/Physical-Fpv-Simulator/Physical-Fpv-Simulator/scripts/run_stanford_pilot.py", line 119 in run_worker
  File "/home/runner/work/Physical-Fpv-Simulator/Physical-Fpv-Simulator/scripts/run_stanford_pilot.py", line 185 in main
  File "/home/runner/work/Physical-Fpv-Simulator/Physical-Fpv-Simulator/scripts/run_stanford_pilot.py", line 244 in <module>
Timeout (0:01:00)!
Thread 0x00007f9f13aa4b80 (most recent call first):
  File "/opt/hostedtoolcache/Python/3.12.14/x64/lib/python3.12/site-packages/pybamm/solvers/idaklu_solver.py", line 735 in _integrate
  File "/opt/hostedtoolcache/Python/3.12.14/x64/lib/python3.12/site-packages/pybamm/solvers/base_solver.py", line 1045 in solve
  File "/opt/hostedtoolcache/Python/3.12.14/x64/lib/python3.12/site-packages/pybamm/simulation/base_simulation.py", line 527 in solve
  File "/opt/hostedtoolcache/Python/3.12.14/x64/lib/python3.12/site-packages/pybamm/simulation/simulation.py", line 812 in solve
  File "/home/runner/work/Physical-Fpv-Simulator/Physical-Fpv-Simulator/src/physical_fpv/core.py", line 288 in simulate
  File "/home/runner/work/Physical-Fpv-Simulator/Physical-Fpv-Simulator/scripts/run_stanford_pilot.py", line 119 in run_worker
  File "/home/runner/work/Physical-Fpv-Simulator/Physical-Fpv-Simulator/scripts/run_stanford_pilot.py", line 185 in main
  File "/home/runner/work/Physical-Fpv-Simulator/Physical-Fpv-Simulator/scripts/run_stanford_pilot.py", line 244 in <module>
Timeout (0:01:00)!
Thread 0x00007f9f13aa4b80 (most recent call first):
  File "/opt/hostedtoolcache/Python/3.12.14/x64/lib/python3.12/site-packages/pybamm/solvers/idaklu_solver.py", line 735 in _integrate
  File "/opt/hostedtoolcache/Python/3.12.14/x64/lib/python3.12/site-packages/pybamm/solvers/base_solver.py", line 1045 in solve
  File "/opt/hostedtoolcache/Python/3.12.14/x64/lib/python3.12/site-packages/pybamm/simulation/base_simulation.py", line 527 in solve
  File "/opt/hostedtoolcache/Python/3.12.14/x64/lib/python3.12/site-packages/pybamm/simulation/simulation.py", line 812 in solve
  File "/home/runner/work/Physical-Fpv-Simulator/Physical-Fpv-Simulator/src/physical_fpv/core.py", line 288 in simulate
  File "/home/runner/work/Physical-Fpv-Simulator/Physical-Fpv-Simulator/scripts/run_stanford_pilot.py", line 119 in run_worker
  File "/home/runner/work/Physical-Fpv-Simulator/Physical-Fpv-Simulator/scripts/run_stanford_pilot.py", line 185 in main
  File "/home/runner/work/Physical-Fpv-Simulator/Physical-Fpv-Simulator/scripts/run_stanford_pilot.py", line 244 in <module>
Timeout (0:01:00)!
Thread 0x00007f9f13aa4b80 (most recent call first):
  File "/opt/hostedtoolcache/Python/3.12.14/x64/lib/python3.12/site-packages/pybamm/solvers/idaklu_solver.py", line 735 in _integrate
  File "/opt/hostedtoolcache/Python/3.12.14/x64/lib/python3.12/site-packages/pybamm/solvers/base_solver.py", line 1045 in solve
  File "/opt/hostedtoolcache/Python/3.12.14/x64/lib/python3.12/site-packages/pybamm/simulation/base_simulation.py", line 527 in solve
  File "/opt/hostedtoolcache/Python/3.12.14/x64/lib/python3.12/site-packages/pybamm/simulation/simulation.py", line 812 in solve
  File "/home/runner/work/Physical-Fpv-Simulator/Physical-Fpv-Simulator/src/physical_fpv/core.py", line 288 in simulate
  File "/home/runner/work/Physical-Fpv-Simulator/Physical-Fpv-Simulator/scripts/run_stanford_pilot.py", line 119 in run_worker
  File "/home/runner/work/Physical-Fpv-Simulator/Physical-Fpv-Simulator/scripts/run_stanford_pilot.py", line 185 in main
  File "/home/runner/work/Physical-Fpv-Simulator/Physical-Fpv-Simulator/scripts/run_stanford_pilot.py", line 244 in <module>
Timeout (0:01:00)!
Thread 0x00007f9f13aa4b80 (most recent call first):
  File "/opt/hostedtoolcache/Python/3.12.14/x64/lib/python3.12/site-packages/pybamm/solvers/idaklu_solver.py", line 735 in _integrate
  File "/opt/hostedtoolcache/Python/3.12.14/x64/lib/python3.12/site-packages/pybamm/solvers/base_solver.py", line 1045 in solve
  File "/opt/hostedtoolcache/Python/3.12.14/x64/lib/python3.12/site-packages/pybamm/simulation/base_simulation.py", line 527 in solve
  File "/opt/hostedtoolcache/Python/3.12.14/x64/lib/python3.12/site-packages/pybamm/simulation/simulation.py", line 812 in solve
  File "/home/runner/work/Physical-Fpv-Simulator/Physical-Fpv-Simulator/src/physical_fpv/core.py", line 288 in simulate
  File "/home/runner/work/Physical-Fpv-Simulator/Physical-Fpv-Simulator/scripts/run_stanford_pilot.py", line 119 in run_worker
  File "/home/runner/work/Physical-Fpv-Simulator/Physical-Fpv-Simulator/scripts/run_stanford_pilot.py", line 185 in main
  File "/home/runner/work/Physical-Fpv-Simulator/Physical-Fpv-Simulator/scripts/run_stanford_pilot.py", line 244 in <module>
Traceback (most recent call last):
  File "/home/runner/work/Physical-Fpv-Simulator/Physical-Fpv-Simulator/scripts/run_stanford_pilot.py", line 244, in <module>
    raise SystemExit(main())
                     ^^^^^^
  File "/home/runner/work/Physical-Fpv-Simulator/Physical-Fpv-Simulator/scripts/run_stanford_pilot.py", line 185, in main
    run_worker(args)
  File "/home/runner/work/Physical-Fpv-Simulator/Physical-Fpv-Simulator/scripts/run_stanford_pilot.py", line 119, in run_worker
    result = simulate(
             ^^^^^^^^^
  File "/home/runner/work/Physical-Fpv-Simulator/Physical-Fpv-Simulator/src/physical_fpv/core.py", line 317, in simulate
    solution[f"{electrode} particle concentration [mol.m-3]"].entries
  File "/opt/hostedtoolcache/Python/3.12.14/x64/lib/python3.12/site-packages/pybamm/solvers/processed_variable.py", line 381, in entries
    self.initialise()
  File "/opt/hostedtoolcache/Python/3.12.14/x64/lib/python3.12/site-packages/pybamm/solvers/processed_variable.py", line 97, in initialise
    entries_for_interp, coords = self._interp_setup(entries, t)
                                 ^^^^^^^^^^^^^^^^^^^^^^^^^^^^^^
  File "/opt/hostedtoolcache/Python/3.12.14/x64/lib/python3.12/site-packages/pybamm/solvers/processed_variable.py", line 794, in _interp_setup
    entries_for_interp = np.concatenate(
                         ^^^^^^^^^^^^^^^
numpy._core._exceptions._ArrayMemoryError: Unable to allocate 453. MiB for an array with shape (122, 122, 3989) and data type float64
